[2026-08-01T09:47:49+00:00] \Array:
Array
(
    [name_kanji] => 織光　花子
    [name_kana] => オリコウ　ハナコ
    [zip] => 154-0016
    [address] => 東京都世田谷区弦巻0-0-0
    [tel] => 090-0000-0000
    [email] => example@orikohsha.jp
    [star_name] => ハナコ
    [star_age] => 4才
    [star_gender] => 女
    [star_birthday] => 2022年3月25日
    [star_character] => 
    [appointment_date] => 2026-08-02
    [appointment_time] => どちらでも
    [appointment_datetime] => 2026-08-02 どちらでも
    [option_add] => 追加なし
    [source] => 知人・友人からのご紹介
    [message] => 
    [agree] => 同意する
    [g-recaptcha-response] => 
)


[2026-08-01T09:54:11+00:00] \Array:
Array
(
    [name_kanji] => 織光　花子
    [name_kana] => オリコウ　ハナコ
    [zip] => 1540016
    [address] => 東京都世田谷区弦巻0-0-0
    [tel] => 09000000000
    [email] => example@orikohsha.jp
    [star_name] => もも
    [star_age] => 4
    [star_gender] => 女
    [star_birthday] => 2022/3/25
    [star_character] => 
    [appointment_date] => 2026-09-01
    [appointment_time] => どちらでも
    [appointment_datetime] => 2026-09-01 どちらでも
    [option_add] => 追加なし
    [source] => チラシ
    [message] => 
    [agree] => 同意する
    [g-recaptcha-response] => 
)


[2026-08-01T10:04:46+00:00] \Array:
Array
(
    [name_kanji] => 織光　花子
    [name_kana] => オリコウ　ハナコ
    [zip] => 154-0016
    [address] => 東京都世田谷区弦巻0-0-0
    [tel] => 090-0000-0000
    [email] => example@orikohsha.jp
    [star_name] => ハナコ
    [star_age] => 4才
    [star_gender] => 女
    [star_birthday] => 2022/3/25
    [star_character] => 
    [appointment_date] => 2026-08-01
    [appointment_time] => どちらでも
    [appointment_datetime] => 2026-08-01 どちらでも
    [option_add] => 追加なし
    [source] => リピーター
    [message] => 
    [agree] => 同意する
    [g-recaptcha-response] => 
)


