[2026-08-01T09:47:49+00:00] reCAPTCHA verification failed
POST: Array
(
    [name_kanji] => 織光　花子
    [name_kana] => オリコウ　ハナコ
    [zip] => 154-0016
    [address] => 東京都世田谷区弦巻0-0-0
    [tel] => 090-0000-0000
    [email] => example@orikohsha.jp
    [star_name] => ハナコ
    [star_age] => 4才
    [star_gender] => 女
    [star_birthday] => 2022年3月25日
    [star_character] => 
    [appointment_date] => 2026-08-02
    [appointment_time] => どちらでも
    [appointment_datetime] => 2026-08-02 どちらでも
    [option_add] => 追加なし
    [source] => 知人・友人からのご紹介
    [message] => 
    [agree] => 同意する
    [g-recaptcha-response] => 
)


[2026-08-01T09:54:11+00:00] reCAPTCHA verification failed
POST: Array
(
    [name_kanji] => 織光　花子
    [name_kana] => オリコウ　ハナコ
    [zip] => 1540016
    [address] => 東京都世田谷区弦巻0-0-0
    [tel] => 09000000000
    [email] => example@orikohsha.jp
    [star_name] => もも
    [star_age] => 4
    [star_gender] => 女
    [star_birthday] => 2022/3/25
    [star_character] => 
    [appointment_date] => 2026-09-01
    [appointment_time] => どちらでも
    [appointment_datetime] => 2026-09-01 どちらでも
    [option_add] => 追加なし
    [source] => チラシ
    [message] => 
    [agree] => 同意する
    [g-recaptcha-response] => 
)


[2026-08-01T10:04:46+00:00] reCAPTCHA verification failed
POST: Array
(
    [name_kanji] => 織光　花子
    [name_kana] => オリコウ　ハナコ
    [zip] => 154-0016
    [address] => 東京都世田谷区弦巻0-0-0
    [tel] => 090-0000-0000
    [email] => example@orikohsha.jp
    [star_name] => ハナコ
    [star_age] => 4才
    [star_gender] => 女
    [star_birthday] => 2022/3/25
    [star_character] => 
    [appointment_date] => 2026-08-01
    [appointment_time] => どちらでも
    [appointment_datetime] => 2026-08-01 どちらでも
    [option_add] => 追加なし
    [source] => リピーター
    [message] => 
    [agree] => 同意する
    [g-recaptcha-response] => 
)


[2026-08-01T10:56:00+00:00] reCAPTCHA verification failed
POST: Array
(
    [name_kanji] => お利口　花子
    [name_kana] => オリコウ　ハナコ
    [zip] => 154-0016
    [address] => 東京都世田谷区弦巻0-0-0
    [tel] => 090-0000-0000
    [email] => example@orikohsha.jp
    [star_name] => ハナコ
    [star_age] => 7才
    [star_gender] => 女
    [star_birthday] => 2013年7月18日
    [star_character] => 
    [appointment_date] => 2026-08-01
    [appointment_time] => どちらでも
    [appointment_datetime] => 2026-08-01 どちらでも
    [option_add] => 追加なし
    [source] => その他
    [message] => 
    [agree] => 同意する
    [g-recaptcha-response] => 
)


[2026-08-01T10:59:29+00:00] reCAPTCHA verification failed
POST: Array
(
    [name_kanji] => お利口　花子
    [name_kana] => オリコウ　ハナコ
    [zip] => 154-0016
    [address] => 東京都世田谷区弦巻0-0-0
    [tel] => 090-0000-0000
    [email] => example@orikohsha.jp
    [star_name] => ハナコ
    [star_age] => 7才
    [star_gender] => 女
    [star_birthday] => 2013年7月18日
    [star_character] => 
    [appointment_date] => 2026-08-01
    [appointment_time] => どちらでも
    [appointment_datetime] => 2026-08-01 どちらでも
    [option_add] => 追加なし
    [source] => Google検索
    [message] => 
    [agree] => 同意する
    [g-recaptcha-response] => 0cAFcWeA55YfaLoVE5fCUqBGuxFm0n2vMXkbHXv87VQf_DNyRW7-B290BIu7IcTErkXvcH7T7MACtD4lTDZjQ_9INRViGJPoIq3fcbiadVPiKtt7hDOOTecowcLEiYhu4kh_faziUaE-xPBG0N9V6Q2Dx5fc4PpnhFlIlfFA5rbmXqTpo2bKlwV8fqdsJ_iEaX_JQ23zgD08A8T5hUGvLXlcd7KJsYwYOZ28SeIqlMpEqt9ak0i77eCNmQLNrUcKDBylR4vr7Ld6Pz6LgSISd_iRITz77rim19os0NkjOgBguHIv3IXJgU_3u5RX5yjsDz2Pwpk1JqpN863dbVz0YPjMgspSjqHoHFaowigyahpV3OSmdDIp_xohc7pCIo0G7D9FcMMcZgz_4gfMwHQyc_id4yuFt1azSJP8tlllNwnW1GuHjlZN4N4CgQwF2r-TdnFwKTcNZC1K1HkPY_EDcdDeDbT-z6e3MV-VfNGUcMAhfoWsY_QYNhLhCfBEtrAkpQD57i5sSuwZ7cOeQlf86OqbvUoYRwh0w3EONdGmEDu7PSX5SwY_H-QNDMFc2uHOTDDjFdageKLh1KYNDBPHWpUQwafyIdPMHAUBaFPKJnqMBTRlonDkM6quzDUgARdp2Iy6n6ExvtDaQfSmIaD45bkKYvBzc-pIIkgXwzGRI2fW-xxwJUQUt_i5gZbItFpjcEvkZv2lgVBu0glPzcGD7C6IX2namC_bG6sRpnUe1qAH0VeE7k7V76CmFvHOVV0rHka273iolT4QLmoB9va4Y9KZnFGoMDu59SUpMiyseWtdFUJrQbqknNamr_iE6gv52SdYs_wfPanAQnz4ojBC0uYZR4VQbKVUfJ_Zb6NosRv5Om6R3SEdh_yO8JiF_7ekw2faX3XOFmRT8WmtwwBBy224va5WrdUAqNUgusZEoaa5iGMn_CwzJF0E6jz2gC1r57DeckrCLPYgonGrC8qyo7g1CwQ8Stu4nv3pk1dJbOQRLwhwanWqGDrpVDidhGude6OuOARKs5NLGrRBC8gVFjtjpnJi6SdYA28tq48LXlSW5c1MHpaF8jRiS9W2WuokadoO3zhU5WUfOIrW90iBsS55CKs74g-RbW3Gg7USHYSTftCI5MLsFoVBJD6YSgZ4ecebJodAo8jEla_f0-xIM7VEc57xflKi5UOudawVSej5Hi0UoBu6gzWy5pCUDeFc2wBswQI08CbkgEH4j_VgL5EIYf-6jzitBlYqSxNc9fys0yeAzXKrsOrCUIFFkft6D6jCv6qBgwk5RcnTHXbLESSICOktzVahm6vegnLekIVZZMYTkgzB53Qg9TevzaVgdL_VbKnZQiWzh3_Lj9pcdUl13sb8_YIVy-Eyy9CmEdjiJfgEY7tGfhkZ9xbFHgtroWH1FkQ6EqkbxTmOoCISw_JjQCVFt4nTzOUfxq8myq1k8-U699sf7EwytPFIbkchEQ7uHDlWH-DtCkppEhszwGvQMoeIV7xpUuX-Ns2VSZUKIfm5z0jRxIZ8FB7vHawQLlk6gWgQ7_tuO3Bu21fpufBfEJ006CF0dmtH5TYl_sZOamvF9qM3T7a7AywFywaF4e61BJOkl7BGXjLxBxFe-LEAxrkxkoib9wzet6yDrj5j2kdxgj0PmKp1SXqFgwyG_-1wNJTWz8GXRZ
)


[2026-08-01T11:02:25+00:00] reCAPTCHA verification failed
POST: Array
(
    [name_kanji] => お利口　花子
    [name_kana] => オリコウ　ハナコ
    [zip] => 154-0016
    [address] => 東京都世田谷区弦巻0-0-0
    [tel] => 090-0000-0000
    [email] => example@orikohsha.jp
    [star_name] => ハナコ
    [star_age] => 7才
    [star_gender] => 女
    [star_birthday] => 2013年7月18日
    [star_character] => 
    [appointment_date] => 2026-08-01
    [appointment_time] => どちらでも
    [appointment_datetime] => 2026-08-01 どちらでも
    [option_add] => 追加なし
    [source] => Google検索
    [message] => 
    [agree] => 同意する
    [g-recaptcha-response] => 0cAFcWeA7WNj6GEMUSi-DB_1OWK8lnNLDG3P45HD1MUUAKwrjVeSjEe8GcY_oiNt2WjcQhSWmySvYDn5UJkaSxvvuyrcPRBTScTJAQ2SIQ-4NPgC9kWJysi4setEkQJ-jXr-fLB30rOSscaVFye0feHXuFHI8RUT2cXGSC4YpNd3Z7v4cpGFscYApwLETD2_WFzlfetMbWf8LhYx12-h9bY_kiooCv84oUtA9ybW6qzJiqoXZn3fmNiEWgNKEyghqt2V-13Z303CNo5ngPiwE0uSAtSB4uz4kOsWv1Mw8K4BrpNIyxZJb_JyBoxmXaY5YKIuVen3qfPZrENloSk1WjJeE13TB7F704dkyD5jSAbjKnRSGw1jH1RA_hXiCOd5dMlANwaUhRyqF5TKYYBq87rnOn7G9z_3G37OItYyJw2r9v6VXdnIRCjQO3psezQuQjvdGhdRHol87OfmWilq1Df4bbuUolUegKgOfT-8V5Xe4Hj9QZSduHCXjU5qJwARCeijSppaASpQhCV8BFF7ega6jKe5joZZbTcO5JCwAgapOcGYuNCboqqPNp-sNGGFsx3E4wQ-HIo_xyowEObC-cd0hvzE1cWz4lWYc8BVWZbp808sTvRcuw3QzNu8Jg-OpAIWfQO_yj2stgxegRXNjF_sxv4JDUzDhjmH7WQw4nxo9qI5525og-WJsMEYaVKtFfYP7_xfIF4wpCAWhXlAmfcmsfAGXCj4IXTxBReGgabWgBqev7R7li4Mss8whb8d2_E3P2yptonl-ctG4eRLE4hNmkXslREkWBZINN5DzxKUOR1pT9mJkMSfIg9crRIK5HM23nNHPw_F9WwPKKN8oofELhpIBysiHQGMeh84CemJihKiFPGvWqfH__r2MFB2N_1Ggzj5umKSJ9WpxspneN6g5wSRHP81jrcW5CsNN0t0cBbV7TMj1wEEpfXI7O5rimI8Kh9VGY4dNdtO5vj252VB_WcLnHqOhBQl8ec2LvbL6l1mPyROZyhSrHP7CnTzET9_5BkSwSLAM-RHKli6RGnPnhi3ehdbLkfckV7E9gkm9wnQ-49AhU4ogAgRngGUGFjQ39FaDU084PJg1s6UUQSOjHROFjsDZU2DQkK-fH_Ok3yogup0IFnDnLlTe7WH17wiehqEjPxac59mOpL6rFb4zJHI9u8s2Ons2btkQxzIwwIzC9aEjiuIdk65wtRTL2N5q_n3u8MWtZ0dk9AB42ezHGCi2VODliti-ovplZVRwU6SExQjC3SEb-aTZXuOIMaYWZElbEATb-CKpkaJgkKqWIzp1yPPtAvaT14HazQmqJQsoEG6XME64YHARy0OvvqHkd1NPnGLVIiwMSOCfu-hu64i8IvMHyORCjcKDBQRRHxcQZZP-Q_Ttxf-Hop7NG8F6_b2s1yzJdBHeTbx8IhJx4YrnFFagft-2udNdKUQZx6cHG0XUc7ZZu0zpUzG5s3K8zGzOjbUioXdULNZKKwlhHuScX-bl-xzMBdSXKjKT9Nn3w3aXoH3uK7gBI-kggSCB6N9UQ-b0jY71o1D4NvdjsOM1XNCnYCaTqBdW4AbTZKAhQyT4E6p8QcBMuKdm8AApzHSsUpIf992prE9Tz693Dvv3g_hQKO5o0v_MZD6fgHKKTvMkXGxuhQb2AswbWGNAp2oaqUbVWwptAf-p8wpQOG1nKqURqpw
)


